// Jest Snapshot v1, https://goo.gl/fbAQLP

exports[`<Header /> CSS 1`] = `
.c0 {
  font-size: px;
  font-weight: 600;
  margin: 10px;
}

<h1
  className="test c0"
  placeholder="test"
>
  TEST
</h1>
`;
